<?xml version="1.0" encoding="utf-8"?><testsuites name="pytest tests"><testsuite name="pytest" errors="0" failures="0" skipped="0" tests="19" time="0.106" timestamp="2026-05-14T13:47:46.847346+07:00" hostname="hnhins-mbp.local"><testcase classname="tests.test_health" name="test_health_returns_200" time="0.007" /><testcase classname="tests.test_health" name="test_health_status_is_healthy" time="0.002" /><testcase classname="tests.test_health" name="test_health_has_version" time="0.002" /><testcase classname="tests.test_health" name="test_health_has_environment" time="0.002" /><testcase classname="tests.test_health" name="test_root_returns_200" time="0.002" /><testcase classname="tests.test_health" name="test_root_has_message" time="0.002" /><testcase classname="tests.test_items" name="test_list_items_returns_200" time="0.002" /><testcase classname="tests.test_items" name="test_list_items_returns_list" time="0.002" /><testcase classname="tests.test_items" name="test_get_existing_item" time="0.003" /><testcase classname="tests.test_items" name="test_get_nonexistent_item_returns_404" time="0.002" /><testcase classname="tests.test_items" name="test_create_item_returns_201" time="0.002" /><testcase classname="tests.test_items" name="test_create_item_response_matches_payload" time="0.002" /><testcase classname="tests.test_items" name="test_create_item_appears_in_list" time="0.002" /><testcase classname="tests.test_items" name="test_create_item_validation[payload0-422]" time="0.002" /><testcase classname="tests.test_items" name="test_create_item_validation[payload1-422]" time="0.003" /><testcase classname="tests.test_items" name="test_create_item_validation[payload2-422]" time="0.002" /><testcase classname="tests.test_items" name="test_delete_existing_item" time="0.002" /><testcase classname="tests.test_items" name="test_delete_removes_item_from_list" time="0.002" /><testcase classname="tests.test_items" name="test_delete_nonexistent_item_returns_404" time="0.002" /></testsuite></testsuites>